lens calibration: /tmp/hkairport_gnss03_s2/camera_intrinsics.json (HK_GNSS_airport_island.yaml)
loading VGGT-1B from /kaggle/input/models/ggdelhi/vggt1b-rtvio/pytorch/default/1/vggt1b_model.pt
model on cuda: 2815 MB (float16 aggregator), 12676 MB free of 15636 MB
input: 1353 frames 2448x2048 -> VGGT 518x434 (1147 tokens/frame)
lens: pinhole, 81 x 71 deg -> every frame undistorted to a pinhole 81 x 71 deg (fx 1445.3 px at 2448x2048) before VGGT
auto window: 64 frames per VGGT pass (12676 MB VRAM free)
GPS-guided seams: sigma 3.0 m per fix
fusion voxel: 0.002687 (median depth 0.873 / fx 324.9 x 1.00)
window 1: frames [0:64) 74.11s (0.9 frames/s), 50% px kept, conf>=15.4
window 2: frames [56:120) 68.84s (0.9 frames/s), 50% px kept, conf>=28.8, seam s=0.9994 resid=0.003
window 3: frames [112:176) 68.89s (0.9 frames/s), 50% px kept, conf>=29.5, seam s=0.9976 resid=0.001
  GPS scale 10.0501 (+-8.3%) replaces dense scale 0.9978
window 4: frames [168:232) 69.45s (0.9 frames/s), 50% px kept, conf>=13.1, seam s=10.0501 resid=-
  GPS scale 25.2888 (+-1.2%) replaces dense scale 11.1280
window 5: frames [224:288) 69.41s (0.9 frames/s), 49% px kept, conf>=12.7, seam s=25.2888 resid=-
  GPS scale 21.2634 (+-1.3%) replaces dense scale 32.4277
window 6: frames [280:344) 69.79s (0.9 frames/s), 50% px kept, conf>=5.95, seam s=21.2634 resid=-
window 7: frames [336:400) 70.25s (0.9 frames/s), 50% px kept, conf>=14.4, seam s=23.2528 resid=0.032
window 8: frames [392:456) 69.86s (0.9 frames/s), 50% px kept, conf>=12.7, seam s=27.2215 resid=0.008
window 9: frames [448:512) 70.28s (0.9 frames/s), 50% px kept, conf>=5.4, seam s=29.8492 resid=0.008
window 10: frames [504:568) 70.18s (0.9 frames/s), 50% px kept, conf>=6.4, seam s=22.8337 resid=0.015
window 11: frames [560:624) 69.96s (0.9 frames/s), 50% px kept, conf>=27.1, seam s=22.1523 resid=0.006
window 12: frames [616:680) 69.75s (0.9 frames/s), 50% px kept, conf>=37.3, seam s=22.4289 resid=0.005
window 13: frames [672:736) 69.42s (0.9 frames/s), 49% px kept, conf>=9.35, seam s=21.2531 resid=0.004
window 14: frames [728:792) 69.88s (0.9 frames/s), 48% px kept, conf>=5.32, seam s=22.5252 resid=0.010
window 15: frames [784:848) 70.02s (0.9 frames/s), 50% px kept, conf>=8.88, seam s=20.6937 resid=0.016
window 16: frames [840:904) 69.83s (0.9 frames/s), 50% px kept, conf>=8.83, seam s=22.3587 resid=0.010
window 17: frames [896:960) 70.04s (0.9 frames/s), 50% px kept, conf>=9.67, seam s=23.6206 resid=0.013
  WARNING: only 1117 confident shared pixels - fell back to single-camera chaining
  GPS scale 20.5097 (+-1.3%) replaces fallback scale 1.0000
window 18: frames [952:1016) 69.87s (0.9 frames/s), 48% px kept, conf>=1.25, seam s=20.5097 resid=-
window 19: frames [1008:1072) 70.30s (0.9 frames/s), 50% px kept, conf>=9.18, seam s=20.3007 resid=0.029
window 20: frames [1064:1128) 69.54s (0.9 frames/s), 50% px kept, conf>=11.9, seam s=20.2392 resid=0.009
window 21: frames [1120:1184) 69.36s (0.9 frames/s), 50% px kept, conf>=8.14, seam s=19.8148 resid=0.011
  GPS scale 24.1098 (+-1.4%) replaces dense scale 18.4461
window 22: frames [1176:1240) 69.95s (0.9 frames/s), 50% px kept, conf>=5.51, seam s=24.1098 resid=-
window 23: frames [1232:1296) 69.51s (0.9 frames/s), 50% px kept, conf>=11.7, seam s=25.4830 resid=0.026
  GPS scale 13.4230 (+-5.1%) replaces dense scale 24.3350
window 24: frames [1288:1353) 71.87s (0.9 frames/s), 49% px kept, conf>=8.29, seam s=13.4230 resid=-