lens calibration: /tmp/hkairport_gnss03_s2/camera_intrinsics.json (HK_GNSS_airport_island.yaml)
loading VGGT-1B from /kaggle/input/models/ggdelhi/vggt1b-rtvio/pytorch/default/1/vggt1b_model.pt
model on cuda:0: 2815 MB (float16 aggregator), 12676 MB free of 15636 MB
loading VGGT-1B from /kaggle/input/models/ggdelhi/vggt1b-rtvio/pytorch/default/1/vggt1b_model.pt
model on cuda:1: 2815 MB (float16 aggregator), 12676 MB free of 15636 MB
input: 1353 frames 2448x2048 -> VGGT 518x434 (1147 tokens/frame)
lens: pinhole, 81 x 71 deg -> every frame undistorted to a pinhole 81 x 71 deg (fx 1445.3 px at 2448x2048) before VGGT
auto window: 64 frames per VGGT pass (12676 MB VRAM free)
GPS-guided seams: sigma 3.0 m per fix
fusion voxel: 0.002687 (median depth 0.873 / fx 324.9 x 1.00)
window 1: frames [0:64) 73.28s (0.9 frames/s), 50% px kept, conf>=15.4
window 2: frames [56:120) 66.09s (1.0 frames/s), 50% px kept, conf>=28.8, seam s=0.9994 resid=0.003
window 3: frames [112:176) 69.92s (0.9 frames/s), 50% px kept, conf>=29.5, seam s=0.9976 resid=0.001
  GPS scale 10.0501 (+-8.3%) replaces dense scale 0.9978
window 4: frames [168:232) 65.55s (1.0 frames/s), 50% px kept, conf>=13.1, seam s=10.0501 resid=-
  GPS scale 25.2934 (+-1.2%) replaces dense scale 11.1275
window 5: frames [224:288) 69.36s (0.9 frames/s), 49% px kept, conf>=12.7, seam s=25.2934 resid=-
  GPS scale 21.2652 (+-1.3%) replaces dense scale 32.4330
window 6: frames [280:344) 68.72s (0.9 frames/s), 50% px kept, conf>=5.95, seam s=21.2652 resid=-
window 7: frames [336:400) 72.05s (0.9 frames/s), 50% px kept, conf>=14.4, seam s=23.2641 resid=0.032
window 8: frames [392:456) 71.31s (0.9 frames/s), 50% px kept, conf>=12.7, seam s=27.2368 resid=0.008
window 9: frames [448:512) 73.71s (0.9 frames/s), 50% px kept, conf>=5.4, seam s=29.8659 resid=0.008
window 10: frames [504:568) 73.04s (0.9 frames/s), 50% px kept, conf>=6.4, seam s=22.8465 resid=0.015
window 11: frames [560:624) 74.02s (0.9 frames/s), 50% px kept, conf>=27.1, seam s=22.1655 resid=0.006
window 12: frames [616:680) 77.88s (0.8 frames/s), 50% px kept, conf>=37.3, seam s=22.4401 resid=0.005
window 13: frames [672:736) 70.85s (0.9 frames/s), 49% px kept, conf>=9.33, seam s=21.2641 resid=0.004
window 14: frames [728:792) 75.70s (0.8 frames/s), 48% px kept, conf>=5.32, seam s=22.5379 resid=0.010
window 15: frames [784:848) 70.58s (0.9 frames/s), 50% px kept, conf>=8.88, seam s=20.7062 resid=0.016
window 16: frames [840:904) 75.76s (0.8 frames/s), 50% px kept, conf>=8.83, seam s=22.3707 resid=0.010
window 17: frames [896:960) 71.24s (0.9 frames/s), 50% px kept, conf>=9.68, seam s=23.6312 resid=0.013
  WARNING: only 1111 confident shared pixels - fell back to single-camera chaining
  GPS scale 20.5176 (+-1.3%) replaces fallback scale 1.0000
window 18: frames [952:1016) 76.02s (0.8 frames/s), 48% px kept, conf>=1.25, seam s=20.5176 resid=-
window 19: frames [1008:1072) 71.64s (0.9 frames/s), 50% px kept, conf>=9.18, seam s=20.3080 resid=0.029
window 20: frames [1064:1128) 76.64s (0.8 frames/s), 50% px kept, conf>=11.9, seam s=20.2471 resid=0.009
window 21: frames [1120:1184) 70.17s (0.9 frames/s), 50% px kept, conf>=8.14, seam s=19.8210 resid=0.011
  GPS scale 24.1224 (+-1.4%) replaces dense scale 18.4522
window 22: frames [1176:1240) 78.02s (0.8 frames/s), 50% px kept, conf>=5.51, seam s=24.1224 resid=-
window 23: frames [1232:1296) 72.26s (0.9 frames/s), 50% px kept, conf>=11.7, seam s=25.4969 resid=0.026
  GPS scale 13.4308 (+-5.1%) replaces dense scale 24.3481
window 24: frames [1288:1353) 75.97s (0.9 frames/s), 49% px kept, conf>=8.29, seam s=13.4308 resid=-